// Vitest Snapshot v1

exports[`Generate requirements from mapCSS 1`] = `
[
  [
    [
      {
        "category": "paint",
        "name": "line-offset",
        "type": "line",
        "valueConverter": "toNumber",
      },
      {
        "category": "paint",
        "name": "line-offset",
        "type": "casing_line",
        "valueConverter": "applyCasingOffset",
      },
    ],
    3,
  ],
  [
    {
      "category": "paint",
      "name": "line-width",
      "type": "line",
      "valueConverter": "toNumber",
    },
    1,
  ],
  [
    {
      "category": "paint",
      "name": "line-width",
      "type": "casing_line",
      "valueConverter": "relativeCasingLineWith",
    },
    3,
  ],
  [
    {
      "category": "paint",
      "name": "line-color",
      "type": "line",
      "valueConverter": null,
    },
    "#FEFEFE",
  ],
  [
    {
      "category": "paint",
      "name": "line-color",
      "type": "casing_line",
      "valueConverter": null,
    },
    "black",
  ],
  [
    {
      "category": "paint",
      "name": "line-opacity",
      "type": "line",
      "valueConverter": "toNumber",
    },
    0.5,
  ],
  [
    {
      "category": "paint",
      "name": "line-opacity",
      "type": "casing_line",
      "valueConverter": "toNumber",
    },
    1,
  ],
  [
    {
      "category": "paint",
      "name": "line-pattern",
      "type": "line",
      "valueConverter": "splitByComma",
    },
    "1,2 ,4",
  ],
  [
    {
      "category": "paint",
      "name": "line-pattern",
      "type": "casing_line",
      "valueConverter": "splitByComma",
    },
    "1",
  ],
  [
    {
      "category": "layout",
      "name": "line-cap",
      "type": "line",
      "valueConverter": null,
    },
    "round",
  ],
  [
    {
      "category": "layout",
      "name": "line-cap",
      "type": "casing_line",
      "valueConverter": null,
    },
    "square",
  ],
  [
    {
      "category": "layout",
      "name": "line-join",
      "type": "line",
      "valueConverter": null,
    },
    "miter",
  ],
  [
    {
      "category": "layout",
      "name": "line-join",
      "type": "casing_line",
      "valueConverter": null,
    },
    "bevel",
  ],
  [
    {
      "category": "paint",
      "name": "fill-color",
      "type": "fill",
      "valueConverter": null,
    },
    "rgb(255, 255, 255)",
  ],
  [
    {
      "category": "paint",
      "name": "fill-opacity",
      "type": "fill",
      "valueConverter": "toNumber",
    },
    0.3,
  ],
  [
    {
      "category": "layout",
      "name": "icon-image",
      "type": "symbol",
      "valueConverter": null,
    },
    "airport",
  ],
  [
    {
      "category": "layout",
      "name": "icon-size",
      "type": "symbol",
      "valueConverter": "toNumber",
    },
    13,
  ],
  [
    {
      "category": "layout",
      "name": "icon-size",
      "type": "symbol",
      "valueConverter": "toNumber",
    },
    12,
  ],
  [
    {
      "category": "paint",
      "name": "icon-opacity",
      "type": "symbol",
      "valueConverter": "toNumber",
    },
    1,
  ],
  [
    {
      "category": "layout",
      "name": "text-font",
      "type": "symbol",
      "valueConverter": "splitByComma",
    },
    "Open Sans, Tahoma",
  ],
  [
    {
      "category": "layout",
      "name": "text-size",
      "type": "symbol",
      "valueConverter": "toNumber",
    },
    16,
  ],
  [
    {
      "category": "paint",
      "name": "text-halo-width",
      "type": "symbol",
      "valueConverter": null,
    },
    "bold",
  ],
  [
    {
      "category": "paint",
      "name": "text-color",
      "type": "symbol",
      "valueConverter": null,
    },
    "gray",
  ],
  [
    {
      "category": "paint",
      "name": "text-opacity",
      "type": "symbol",
      "valueConverter": "toNumber",
    },
    1,
  ],
  [
    {
      "category": "layout",
      "name": "symbol-placement",
      "type": "symbol",
      "valueConverter": "convertPlacement",
    },
    "center",
  ],
  [
    {
      "category": "layout",
      "name": "text-offset",
      "type": "symbol",
      "valueConverter": "convertOffset",
    },
    3,
  ],
  [
    {
      "category": "layout",
      "name": "text-max-width",
      "type": "symbol",
      "valueConverter": "toNumber",
    },
    300,
  ],
  [
    {
      "category": "layout",
      "name": "text-field",
      "type": "symbol",
      "valueConverter": null,
    },
    "label",
  ],
  [
    {
      "category": "paint",
      "name": "text-halo-color",
      "type": "symbol",
      "valueConverter": null,
    },
    "red",
  ],
  [
    {
      "category": "paint",
      "name": "text-halo-width",
      "type": "symbol",
      "valueConverter": null,
    },
    2,
  ],
  [
    null,
    4,
  ],
  [
    {
      "category": "paint",
      "name": "circle-radius",
      "type": "circle",
    },
    3,
  ],
]
`;
