// Vitest Snapshot v1, https://vitest.dev/guide/snapshot.html

exports[`style correct for bad good sentiments 1`] = `
[
  "*",
  [
    "/",
    [
      "-",
      [
        "/",
        [
          "get",
          "indicator_numerator",
        ],
        [
          "get",
          "indicator_denominator",
        ],
      ],
      0,
    ],
    [
      "-",
      100,
      0,
    ],
  ],
  1,
]
`;

exports[`style correct for good bad sentiments 1`] = `
[
  "*",
  [
    "-",
    1,
    [
      "/",
      [
        "-",
        [
          "/",
          [
            "get",
            "indicator_numerator",
          ],
          [
            "get",
            "indicator_denominator",
          ],
        ],
        0,
      ],
      [
        "-",
        100,
        0,
      ],
    ],
  ],
  1,
]
`;
