// Vitest Snapshot v1, https://vitest.dev/guide/snapshot.html

exports[`style correct for bad good sentiments 1`] = `
[
  "*",
  [
    "/",
    [
      "-",
      [
        "let",
        "clampedX",
        [
          "to-number",
          [
            "/",
            [
              "get",
              "indicator_numerator",
            ],
            [
              "get",
              "indicator_denominator",
            ],
          ],
          1,
        ],
        [
          "case",
          [
            "<",
            [
              "var",
              "clampedX",
            ],
            0,
          ],
          0,
          [
            ">",
            [
              "var",
              "clampedX",
            ],
            100,
          ],
          100,
          [
            "var",
            "clampedX",
          ],
        ],
      ],
      0,
    ],
    [
      "-",
      100,
      0,
    ],
  ],
  1,
]
`;

exports[`style correct for good bad sentiments 1`] = `
[
  "*",
  [
    "-",
    1,
    [
      "/",
      [
        "-",
        [
          "let",
          "clampedX",
          [
            "to-number",
            [
              "/",
              [
                "get",
                "indicator_numerator",
              ],
              [
                "get",
                "indicator_denominator",
              ],
            ],
            1,
          ],
          [
            "case",
            [
              "<",
              [
                "var",
                "clampedX",
              ],
              0,
            ],
            0,
            [
              ">",
              [
                "var",
                "clampedX",
              ],
              100,
            ],
            100,
            [
              "var",
              "clampedX",
            ],
          ],
        ],
        0,
      ],
      [
        "-",
        100,
        0,
      ],
    ],
  ],
  1,
]
`;
